
> Task :compileJava
C:\Work-Zone\react-dashboard-project\backend\src\main\java\com\example\dashboard\web\CustomerApiController.java:45: error: incompatible types: String cannot be converted to Long
                .orElseThrow(() -> new CustomerNotFoundException("Customer not found with id: " + id));
                                                                                                ^
C:\Work-Zone\react-dashboard-project\backend\src\main\java\com\example\dashboard\web\CustomerApiController.java:67: error: incompatible types: String cannot be converted to Long
                .orElseThrow(() -> new CustomerNotFoundException("Customer not found with id: " + id));
                                                                                                ^
C:\Work-Zone\react-dashboard-project\backend\src\main\java\com\example\dashboard\web\CustomerApiController.java:82: error: incompatible types: String cannot be converted to Long
                .orElseThrow(() -> new CustomerNotFoundException("Customer not found with id: " + id));
                                                                                                ^
C:\Work-Zone\react-dashboard-project\backend\src\main\java\com\example\dashboard\web\OrderApiController.java:42: error: incompatible types: String cannot be converted to Long
                .orElseThrow(() -> new OrderNotFoundException("Order not found with id: " + id));
                                                                                          ^
C:\Work-Zone\react-dashboard-project\backend\src\main\java\com\example\dashboard\web\OrderApiController.java:70: error: incompatible types: String cannot be converted to Long
                .orElseThrow(() -> new OrderNotFoundException("Order not found with id: " + id));
                                                                                          ^
Note: Some messages have been simplified; recompile with -Xdiags:verbose to get full output
5 errors

> Task :compileJava FAILED

FAILURE: Build failed with an exception.

* What went wrong:
Execution failed for task ':compileJava'.
> Compilation failed; see the compiler error output for details.

* Try:
> Run with --stacktrace option to get the stack trace.
> Run with --info or --debug option to get more log output.
> Run with --scan to get full insights.

* Get more help at https://help.gradle.org

BUILD FAILED in 15s
1 actionable task: 1 executed
